[    0.000000] Linux version 4.15.0-167-generic (buildd@lcy02-amd64-045) (gcc version 7.5.0 (Ubuntu 7.5.0-3ubuntu1~18.04)) #175-Ubuntu SMP Wed Jan 5 01:56:07 UTC 2022 (Ubuntu 4.15.0-167.175-generic 4.15.18)
[    0.000000] Command line: BOOT_IMAGE=/boot/vmlinuz-4.15.0-167-generic root=LABEL=cloudimg-rootfs ro console=tty1 console=ttyS0
[    0.000000] KERNEL supported cpus:
[    0.000000]   Intel GenuineIntel
[    0.000000]   AMD AuthenticAMD
[    0.000000]   Centaur CentaurHauls
[    0.000000] [Firmware Bug]: TSC doesn't count with P0 frequency!
[    0.000000] x86/fpu: x87 FPU will use FXSAVE
[    0.000000] e820: BIOS-provided physical RAM map:
[    0.000000] BIOS-e820: [mem 0x0000000000000000-0x000000000009fbff] usable
[    0.000000] BIOS-e820: [mem 0x000000000009fc00-0x000000000009ffff] reserved
[    0.000000] BIOS-e820: [mem 0x00000000000f0000-0x00000000000fffff] reserved
[    0.000000] BIOS-e820: [mem 0x0000000000100000-0x000000003ffeffff] usable
[    0.000000] BIOS-e820: [mem 0x000000003fff0000-0x000000003fffffff] ACPI data
[    0.000000] BIOS-e820: [mem 0x00000000fec00000-0x00000000fec00fff] reserved
[    0.000000] BIOS-e820: [mem 0x00000000fee00000-0x00000000fee00fff] reserved
[    0.000000] BIOS-e820: [mem 0x00000000fffc0000-0x00000000ffffffff] reserved
[    0.000000] NX (Execute Disable) protection: active
[    0.000000] SMBIOS 2.5 present.
[    0.000000] DMI: innotek GmbH VirtualBox/VirtualBox, BIOS VirtualBox 12/01/2006
[    0.000000] Hypervisor detected: KVM
[    0.000000] e820: last_pfn = 0x3fff0 max_arch_pfn = 0x400000000
[    0.000000] MTRR: Disabled
[    0.000000] x86/PAT: MTRRs disabled, skipping PAT initialization too.
[    0.000000] CPU MTRRs all blank - virtualized system.
[    0.000000] x86/PAT: Configuration [0-7]: WB  WT  UC- UC  WB  WT  UC- UC  
[    0.000000] found SMP MP-table at [mem 0x0009fff0-0x0009ffff]
[    0.000000] Scanning 1 areas for low memory corruption
[    0.000000] RAMDISK: [mem 0x359cd000-0x36cddfff]
[    0.000000] ACPI: Early table checksum verification disabled
[    0.000000] ACPI: RSDP 0x00000000000E0000 000024 (v02 VBOX  )
[    0.000000] ACPI: XSDT 0x000000003FFF0030 00003C (v01 VBOX   VBOXXSDT 00000001 ASL  00000061)
[    0.000000] ACPI: FACP 0x000000003FFF00F0 0000F4 (v04 VBOX   VBOXFACP 00000001 ASL  00000061)
[    0.000000] ACPI: DSDT 0x000000003FFF0470 002325 (v02 VBOX   VBOXBIOS 00000002 INTL 20190509)
[    0.000000] ACPI: FACS 0x000000003FFF0200 000040
[    0.000000] ACPI: FACS 0x000000003FFF0200 000040
[    0.000000] ACPI: APIC 0x000000003FFF0240 00005C (v02 VBOX   VBOXAPIC 00000001 ASL  00000061)
[    0.000000] ACPI: SSDT 0x000000003FFF02A0 0001CC (v01 VBOX   VBOXCPUT 00000002 INTL 20190509)
[    0.000000] ACPI: Reserving FACP table memory at [mem 0x3fff00f0-0x3fff01e3]
[    0.000000] ACPI: Reserving DSDT table memory at [mem 0x3fff0470-0x3fff2794]
[    0.000000] ACPI: Reserving FACS table memory at [mem 0x3fff0200-0x3fff023f]
[    0.000000] ACPI: Reserving FACS table memory at [mem 0x3fff0200-0x3fff023f]
[    0.000000] ACPI: Reserving APIC table memory at [mem 0x3fff0240-0x3fff029b]
[    0.000000] ACPI: Reserving SSDT table memory at [mem 0x3fff02a0-0x3fff046b]
[    0.000000] No NUMA configuration found
[    0.000000] Faking a node at [mem 0x0000000000000000-0x000000003ffeffff]
[    0.000000] NODE_DATA(0) allocated [mem 0x3ffc5000-0x3ffeffff]
[    0.000000] kvm-clock: cpu 0, msr 0:3ff44001, primary cpu clock
[    0.000000] kvm-clock: Using msrs 4b564d01 and 4b564d00
[    0.000000] kvm-clock: using sched offset of 4407878220 cycles
[    0.000000] clocksource: kvm-clock: mask: 0xffffffffffffffff max_cycles: 0x1cd42e4dffb, max_idle_ns: 881590591483 ns
[    0.000000] Zone ranges:
[    0.000000]   DMA      [mem 0x0000000000001000-0x0000000000ffffff]
[    0.000000]   DMA32    [mem 0x0000000001000000-0x000000003ffeffff]
[    0.000000]   Normal   empty
[    0.000000]   Device   empty
[    0.000000] Movable zone start for each node
[    0.000000] Early memory node ranges
[    0.000000]   node   0: [mem 0x0000000000001000-0x000000000009efff]
[    0.000000]   node   0: [mem 0x0000000000100000-0x000000003ffeffff]
[    0.000000] Reserved but unavailable: 104 pages
[    0.000000] Initmem setup node 0 [mem 0x0000000000001000-0x000000003ffeffff]
[    0.000000] ACPI: PM-Timer IO Port: 0x4008
[    0.000000] IOAPIC[0]: apic_id 2, version 32, address 0xfec00000, GSI 0-23
[    0.000000] ACPI: INT_SRC_OVR (bus 0 bus_irq 0 global_irq 2 dfl dfl)
[    0.000000] ACPI: INT_SRC_OVR (bus 0 bus_irq 9 global_irq 9 low level)
[    0.000000] Using ACPI (MADT) for SMP configuration information
[    0.000000] smpboot: Allowing 2 CPUs, 0 hotplug CPUs
[    0.000000] PM: Registered nosave memory: [mem 0x00000000-0x00000fff]
[    0.000000] PM: Registered nosave memory: [mem 0x0009f000-0x0009ffff]
[    0.000000] PM: Registered nosave memory: [mem 0x000a0000-0x000effff]
[    0.000000] PM: Registered nosave memory: [mem 0x000f0000-0x000fffff]
[    0.000000] e820: [mem 0x40000000-0xfebfffff] available for PCI devices
[    0.000000] Booting paravirtualized kernel on KVM
[    0.000000] clocksource: refined-jiffies: mask: 0xffffffff max_cycles: 0xffffffff, max_idle_ns: 7645519600211568 ns
[    0.000000] random: get_random_bytes called from start_kernel+0x99/0x500 with crng_init=0
[    0.000000] setup_percpu: NR_CPUS:8192 nr_cpumask_bits:2 nr_cpu_ids:2 nr_node_ids:1
[    0.000000] percpu: Embedded 50 pages/cpu s167936 r8192 d28672 u1048576
[    0.000000] PV qspinlock hash table entries: 256 (order: 0, 4096 bytes)
[    0.000000] Built 1 zonelists, mobility grouping on.  Total pages: 257913
[    0.000000] Policy zone: DMA32
[    0.000000] Kernel command line: BOOT_IMAGE=/boot/vmlinuz-4.15.0-167-generic root=LABEL=cloudimg-rootfs ro console=tty1 console=ttyS0
[    0.000000] Memory: 982644K/1048120K available (12300K kernel code, 2483K rwdata, 4324K rodata, 2476K init, 2724K bss, 65476K reserved, 0K cma-reserved)
[    0.000000] SLUB: HWalign=64, Order=0-3, MinObjects=0, CPUs=2, Nodes=1
[    0.000000] ftrace: allocating 39494 entries in 155 pages
[    0.004000] Hierarchical RCU implementation.
[    0.004000] 	RCU restricting CPUs from NR_CPUS=8192 to nr_cpu_ids=2.
[    0.004000] 	Tasks RCU enabled.
[    0.004000] RCU: Adjusting geometry for rcu_fanout_leaf=16, nr_cpu_ids=2
[    0.004000] NR_IRQS: 524544, nr_irqs: 440, preallocated irqs: 16
[    0.004000] Console: colour VGA+ 80x25
[    0.004000] console [tty1] enabled
[    0.004000] console [ttyS0] enabled
[    0.004000] ACPI: Core revision 20170831
[    0.004000] ACPI: 2 ACPI AML tables successfully acquired and loaded
[    0.004000] APIC: Switch to symmetric I/O mode setup
[    0.004000] x2apic enabled
[    0.004000] Switched APIC routing to physical x2apic.
[    0.004000] ..TIMER: vector=0x30 apic1=0 pin1=2 apic2=-1 pin2=-1
[    0.004000] tsc: Detected 3692.272 MHz processor
[    0.004000] Calibrating delay loop (skipped) preset value.. 7384.54 BogoMIPS (lpj=14769088)
[    0.004000] pid_max: default: 32768 minimum: 301
[    0.004000] Security Framework initialized
[    0.004025] Yama: becoming mindful.
[    0.006393] AppArmor: AppArmor initialized
[    0.008974] Dentry cache hash table entries: 131072 (order: 8, 1048576 bytes)
[    0.012066] Inode-cache hash table entries: 65536 (order: 7, 524288 bytes)
[    0.016033] Mount-cache hash table entries: 2048 (order: 2, 16384 bytes)
[    0.020018] Mountpoint-cache hash table entries: 2048 (order: 2, 16384 bytes)
[    0.024883] Last level iTLB entries: 4KB 1024, 2MB 1024, 4MB 512
[    0.028007] Last level dTLB entries: 4KB 2048, 2MB 2048, 4MB 1024, 1GB 0
[    0.032007] Spectre V1 : Mitigation: usercopy/swapgs barriers and __user pointer sanitization
[    0.036005] Spectre V2 : Spectre mitigation: LFENCE not serializing, switching to generic retpoline
[    0.040006] Spectre V2 : Mitigation: Full generic retpoline
[    0.044005] Spectre V2 : Spectre v2 / SpectreRSB mitigation: Filling RSB on context switch
[    0.048004] Speculative Store Bypass: Mitigation: Speculative Store Bypass disabled via prctl and seccomp
[    0.052528] Freeing SMP alternatives memory: 36K
[    0.168946] APIC calibration not consistent with PM-Timer: 110ms instead of 100ms
[    0.172000] APIC delta adjusted to PM-Timer: 6428640 (7074982)
[    0.172154] smpboot: CPU0: AMD Ryzen 5 PRO 4650G with Radeon Graphics (family: 0x17, model: 0x60, stepping: 0x1)
[    0.176000] Performance Events: PMU not available due to virtualization, using software events only.
[    0.176220] Hierarchical SRCU implementation.
[    0.181754] NMI watchdog: Perf event create on CPU 0 failed with -2
[    0.184006] NMI watchdog: Perf NMI watchdog permanently disabled
[    0.187578] smp: Bringing up secondary CPUs ...
[    0.188425] x86: Booting SMP configuration:
[    0.192007] .... node  #0, CPUs:      #1
[    0.004000] kvm-clock: cpu 1, msr 0:3ff44041, secondary cpu clock
[    0.200061] smp: Brought up 1 node, 2 CPUs
[    0.202361] smpboot: Max logical packages: 1
[    0.204014] smpboot: Total of 2 processors activated (14769.08 BogoMIPS)
[    0.208312] devtmpfs: initialized
[    0.210028] x86/mm: Memory block size: 128MB
[    0.212135] evm: security.selinux
[    0.216007] evm: security.SMACK64
[    0.218101] evm: security.SMACK64EXEC
[    0.220000] evm: security.SMACK64TRANSMUTE
[    0.220008] evm: security.SMACK64MMAP
[    0.224006] evm: security.apparmor
[    0.226001] evm: security.ima
[    0.228009] evm: security.capability
[    0.232125] clocksource: jiffies: mask: 0xffffffff max_cycles: 0xffffffff, max_idle_ns: 7645041785100000 ns
[    0.236072] futex hash table entries: 512 (order: 3, 32768 bytes)
[    0.240822] pinctrl core: initialized pinctrl subsystem
[    0.244274] RTC time:  5:17:58, date: 02/11/22
[    0.248806] NET: Registered protocol family 16
[    0.252125] audit: initializing netlink subsys (disabled)
[    0.256137] audit: type=2000 audit(1644556683.391:1): state=initialized audit_enabled=0 res=1
[    0.264103] cpuidle: using governor ladder
[    0.266512] cpuidle: using governor menu
[    0.272664] ACPI: bus type PCI registered
[    0.274829] acpiphp: ACPI Hot Plug PCI Controller Driver version: 0.5
[    0.277000] PCI: Using configuration type 1 for base access
[    0.280005] PCI: Using configuration type 1 for extended access
[    0.284207] HugeTLB registered 2.00 MiB page size, pre-allocated 0 pages
[    0.292458] ACPI: Added _OSI(Module Device)
[    0.294757] ACPI: Added _OSI(Processor Device)
[    0.296016] ACPI: Added _OSI(3.0 _SCP Extensions)
[    0.300003] ACPI: Added _OSI(Processor Aggregator Device)
[    0.302759] ACPI: Added _OSI(Linux-Dell-Video)
[    0.304006] ACPI: Added _OSI(Linux-Lenovo-NV-HDMI-Audio)
[    0.308003] ACPI: Added _OSI(Linux-HPI-Hybrid-Graphics)
[    0.312831] ACPI: Executed 1 blocks of module-level executable AML code
[    0.319125] ACPI: Interpreter enabled
[    0.320048] ACPI: (supports S0 S5)
[    0.321983] ACPI: Using IOAPIC for interrupt routing
[    0.324284] PCI: Using host bridge windows from ACPI; if necessary, use "pci=nocrs" and report a bug
[    0.328256] ACPI: Enabled 2 GPEs in block 00 to 07
[    0.339482] ACPI: PCI Root Bridge [PCI0] (domain 0000 [bus 00-ff])
[    0.340076] acpi PNP0A03:00: _OSC: OS supports [ExtendedConfig ASPM ClockPM Segments MSI]
[    0.348477] acpi PNP0A03:00: _OSC: platform does not support [PCIeCapability]
[    0.352473] acpi PNP0A03:00: _OSC: not requesting control; platform does not support [PCIeCapability]
[    0.356019] acpi PNP0A03:00: _OSC: OS requested [PCIeHotplug PME AER PCIeCapability]
[    0.360007] acpi PNP0A03:00: _OSC: platform willing to grant [PCIeHotplug PME AER]
[    0.364007] acpi PNP0A03:00: _OSC failed (AE_SUPPORT); disabling ASPM
[    0.368709] PCI host bridge to bus 0000:00
[    0.372014] pci_bus 0000:00: root bus resource [io  0x0000-0x0cf7 window]
[    0.376003] pci_bus 0000:00: root bus resource [io  0x0d00-0xffff window]
[    0.380006] pci_bus 0000:00: root bus resource [mem 0x000a0000-0x000bffff window]
[    0.384004] pci_bus 0000:00: root bus resource [mem 0x40000000-0xfdffffff window]
[    0.387941] pci_bus 0000:00: root bus resource [bus 00-ff]
[    0.393181] pci 0000:00:01.1: legacy IDE quirk: reg 0x10: [io  0x01f0-0x01f7]
[    0.396004] pci 0000:00:01.1: legacy IDE quirk: reg 0x14: [io  0x03f6]
[    0.400003] pci 0000:00:01.1: legacy IDE quirk: reg 0x18: [io  0x0170-0x0177]
[    0.404003] pci 0000:00:01.1: legacy IDE quirk: reg 0x1c: [io  0x0376]
[    0.442839] pci 0000:00:07.0: quirk: [io  0x4000-0x403f] claimed by PIIX4 ACPI
[    0.444031] pci 0000:00:07.0: quirk: [io  0x4100-0x410f] claimed by PIIX4 SMB
[    0.465268] ACPI: PCI Interrupt Link [LNKA] (IRQs 5 9 10 *11)
[    0.468000] ACPI: PCI Interrupt Link [LNKB] (IRQs 5 9 *10 11)
[    0.468165] ACPI: PCI Interrupt Link [LNKC] (IRQs 5 *9 10 11)
[    0.472160] ACPI: PCI Interrupt Link [LNKD] (IRQs 5 9 10 *11)
[    0.478552] SCSI subsystem initialized
[    0.480693] pci 0000:00:02.0: vgaarb: setting as boot VGA device
[    0.483162] pci 0000:00:02.0: vgaarb: VGA device added: decodes=io+mem,owns=io+mem,locks=none
[    0.488010] pci 0000:00:02.0: vgaarb: bridge control possible
[    0.492004] vgaarb: loaded
[    0.496147] ACPI: bus type USB registered
[    0.498520] usbcore: registered new interface driver usbfs
[    0.500047] usbcore: registered new interface driver hub
[    0.504025] usbcore: registered new device driver usb
[    0.508167] EDAC MC: Ver: 3.0.0
[    0.512425] PCI: Using ACPI for IRQ routing
[    0.516311] NetLabel: Initializing
[    0.518294] NetLabel:  domain hash size = 128
[    0.520004] NetLabel:  protocols = UNLABELED CIPSOv4 CALIPSO
[    0.523071] NetLabel:  unlabeled traffic allowed by default
[    0.524670] clocksource: Switched to clocksource kvm-clock
[    0.543630] VFS: Disk quotas dquot_6.6.0
[    0.545594] VFS: Dquot-cache hash table entries: 512 (order 0, 4096 bytes)
[    0.551025] AppArmor: AppArmor Filesystem Enabled
[    0.553768] pnp: PnP ACPI init
[    0.557004] pnp: PnP ACPI: found 3 devices
[    0.582173] clocksource: acpi_pm: mask: 0xffffff max_cycles: 0xffffff, max_idle_ns: 2085701024 ns
[    0.587105] NET: Registered protocol family 2
[    0.590106] IP idents hash table entries: 16384 (order: 5, 131072 bytes)
[    0.594860] TCP established hash table entries: 8192 (order: 4, 65536 bytes)
[    0.599324] TCP bind hash table entries: 8192 (order: 5, 131072 bytes)
[    0.603003] TCP: Hash tables configured (established 8192 bind 8192)
[    0.606675] UDP hash table entries: 512 (order: 2, 16384 bytes)
[    0.610430] UDP-Lite hash table entries: 512 (order: 2, 16384 bytes)
[    0.614405] NET: Registered protocol family 1
[    0.617320] pci 0000:00:00.0: Limiting direct PCI/PCI transfers
[    0.621063] pci 0000:00:01.0: Activating ISA DMA hang workarounds
[    0.624944] pci 0000:00:02.0: Video device with shadowed ROM at [mem 0x000c0000-0x000dffff]
[    0.630184] Unpacking initramfs...
[    0.872803] Freeing initrd memory: 19524K
[    0.876423] clocksource: tsc: mask: 0xffffffffffffffff max_cycles: 0x6a71a1020c0, max_idle_ns: 881590459242 ns
[    0.883846] platform rtc_cmos: registered platform RTC device (no PNP device found)
[    0.890096] Scanning for low memory corruption every 60 seconds
[    0.895938] Initialise system trusted keyrings
[    0.899239] Key type blacklist registered
[    0.902470] workingset: timestamp_bits=36 max_order=18 bucket_order=0
[    0.908117] zbud: loaded
[    0.911176] squashfs: version 4.0 (2009/01/31) Phillip Lougher
[    0.916480] fuse init (API version 7.26)
[    0.931044] Key type asymmetric registered
[    0.933352] Asymmetric key parser 'x509' registered
[    0.936673] Block layer SCSI generic (bsg) driver version 0.4 loaded (major 246)
[    0.941153] io scheduler noop registered
[    0.943590] io scheduler deadline registered
[    0.946449] io scheduler cfq registered (default)
[    0.949764] ACPI: AC Adapter [AC] (on-line)
[    0.952474] input: Power Button as /devices/LNXSYSTM:00/LNXPWRBN:00/input/input0
[    0.957087] ACPI: Power Button [PWRF]
[    0.959338] input: Sleep Button as /devices/LNXSYSTM:00/LNXSLPBN:00/input/input1
[    0.963893] ACPI: Sleep Button [SLPF]
[    0.968348] Serial: 8250/16550 driver, 32 ports, IRQ sharing enabled
[    0.998792] 00:02: ttyS0 at I/O 0x3f8 (irq = 4, base_baud = 115200) is a 16550A
[    1.013550] Linux agpgart interface v0.103
[    1.022894] loop: module loaded
[    1.026654] scsi host0: ata_piix
[    1.029858] scsi host1: ata_piix
[    1.032156] ata1: PATA max UDMA/33 cmd 0x1f0 ctl 0x3f6 bmdma 0xd000 irq 14
[    1.036575] ata2: PATA max UDMA/33 cmd 0x170 ctl 0x376 bmdma 0xd008 irq 15
[    1.041902] libphy: Fixed MDIO Bus: probed
[    1.044790] tun: Universal TUN/TAP device driver, 1.6
[    1.048120] PPP generic driver version 2.4.2
[    1.051111] ehci_hcd: USB 2.0 'Enhanced' Host Controller (EHCI) Driver
[    1.054840] ehci-pci: EHCI PCI platform driver
[    1.057501] ehci-platform: EHCI generic platform driver
[    1.060677] ohci_hcd: USB 1.1 'Open' Host Controller (OHCI) Driver
[    1.064107] ohci-pci: OHCI PCI platform driver
[    1.066619] ohci-platform: OHCI generic platform driver
[    1.069736] uhci_hcd: USB Universal Host Controller Interface driver
[    1.073339] i8042: PNP: PS/2 Controller [PNP0303:PS2K,PNP0f03:PS2M] at 0x60,0x64 irq 1,12
[    1.078939] serio: i8042 KBD port at 0x60,0x64 irq 1
[    1.081568] serio: i8042 AUX port at 0x60,0x64 irq 12
[    1.084723] mousedev: PS/2 mouse device common for all mice
[    1.089052] input: AT Translated Set 2 keyboard as /devices/platform/i8042/serio0/input/input2
[    1.094439] rtc_cmos rtc_cmos: rtc core: registered rtc_cmos as rtc0
[    1.097885] rtc_cmos rtc_cmos: alarms up to one day, 114 bytes nvram
[    1.101076] i2c /dev entries driver
[    1.103151] device-mapper: uevent: version 1.0.3
[    1.106167] device-mapper: ioctl: 4.37.0-ioctl (2017-09-20) initialised: dm-devel@redhat.com
[    1.110931] ledtrig-cpu: registered to indicate activity on CPUs
[    1.115336] NET: Registered protocol family 10
[    1.149821] Segment Routing with IPv6
[    1.152416] NET: Registered protocol family 17
[    1.155751] Key type dns_resolver registered
[    1.159322] mce: Using 0 MCE banks
[    1.161526] RAS: Correctable Errors collector initialized.
[    1.165077] sched_clock: Marking stable (1164872075, 0)->(1676917182, -512045107)
[    1.173363] registered taskstats version 1
[    1.175563] Loading compiled-in X.509 certificates
[    1.195461] Loaded X.509 cert 'Build time autogenerated kernel key: 51c91b167e8daada285dd448a981da05683ebd03'
[    1.201382] Loaded X.509 cert 'Canonical Ltd. Live Patch Signing: 14df34d1a87cf37625abec039ef2bf521249b969'
[    1.207956] Loaded X.509 cert 'Canonical Ltd. Kernel Module Signing: 88f752e560a1e0737e31163a466ad7b70a850c19'
[    1.214820] blacklist: Loading compiled-in revocation X.509 certificates
[    1.219157] Loaded X.509 cert 'Canonical Ltd. Secure Boot Signing: 61482aa2830d0ab2ad5af10b7250da9033ddcef0'
[    1.225710] zswap: loaded using pool lzo/zbud
[    1.275994] Key type big_key registered
[    1.278575] Key type trusted registered
[    1.296370] Key type encrypted registered
[    1.299286] AppArmor: AppArmor sha1 policy hashing enabled
[    1.303380] ima: No TPM chip found, activating TPM-bypass! (rc=-19)
[    1.307632] ima: Allocated hash algorithm: sha1
[    1.311218] evm: HMAC attrs: 0x1
[    1.313895]   Magic number: 10:49:264
[    1.317155] rtc_cmos rtc_cmos: setting system clock to 2022-02-11 05:17:59 UTC (1644556679)
[    1.323337] BIOS EDD facility v0.16 2004-Jun-25, 0 devices found
[    1.327310] EDD information not available.
[    1.349364] Freeing unused kernel image memory: 2476K
[    1.376253] Write protecting the kernel read-only data: 20480k
[    1.387885] Freeing unused kernel image memory: 2008K
[    1.392065] Freeing unused kernel image memory: 1820K
[    1.401356] x86/mm: Checked W+X mappings: passed, no W+X pages found.
Loading, please wait...
starting version 237
[    1.779787] Fusion MPT base driver 3.04.20
[    1.783352] Copyright (c) 1999-2008 LSI Corporation
[    1.788684] e1000: Intel(R) PRO/1000 Network Driver - version 7.3.21-k8-NAPI
[    1.794159] e1000: Copyright (c) 1999-2006 Intel Corporation.
[    1.891472] Fusion MPT SPI Host driver 3.04.20
[    2.042501] input: ImExPS/2 Generic Explorer Mouse as /devices/platform/i8042/serio1/input/input4
[    2.953546] e1000 0000:00:03.0 eth0: (PCI:33MHz:32-bit) 02:e8:64:37:14:18
[    2.958063] e1000 0000:00:03.0 eth0: Intel(R) PRO/1000 Network Connection
[    2.966920] mptbase: ioc0: Initiating bringup
[    2.968271] e1000 0000:00:03.0 enp0s3: renamed from eth0
[    3.903887] ioc0: LSI53C1030 A0: Capabilities={Initiator}
[    4.238792] scsi host2: ioc0: LSI53C1030 A0, FwRev=00000000h, Ports=1, MaxQ=256, IRQ=20
[    4.414074] scsi 2:0:0:0: Direct-Access     VBOX     HARDDISK         1.0  PQ: 0 ANSI: 5
[    4.918684] scsi target2:0:0: Beginning Domain Validation
[    4.924726] scsi target2:0:0: Domain Validation skipping write tests
[    4.927954] scsi target2:0:0: Ending Domain Validation
[    4.930972] scsi target2:0:0: asynchronous
[    4.934263] scsi 2:0:1:0: Direct-Access     VBOX     HARDDISK         1.0  PQ: 0 ANSI: 5
[    5.084630] scsi target2:0:1: Beginning Domain Validation
[    5.089425] random: fast init done
[    5.092838] scsi target2:0:1: Domain Validation skipping write tests
[    5.095914] scsi target2:0:1: Ending Domain Validation
[    5.098609] scsi target2:0:1: asynchronous
[    5.107146] random: systemd-udevd: uninitialized urandom read (16 bytes read)
[    5.108728] sd 2:0:0:0: [sda] 83886080 512-byte logical blocks: (42.9 GB/40.0 GiB)
[    5.111620] random: systemd-udevd: uninitialized urandom read (16 bytes read)
[    5.116202] sd 2:0:0:0: Attached scsi generic sg0 type 0
[    5.120680] random: systemd-udevd: uninitialized urandom read (16 bytes read)
[    5.124532] sd 2:0:0:0: [sda] Write Protect is off
[    5.129236] sd 2:0:1:0: Attached scsi generic sg1 type 0
[    5.134383] sd 2:0:0:0: [sda] Incomplete mode parameter data
[    5.134690] sd 2:0:1:0: [sdb] 20480 512-byte logical blocks: (10.5 MB/10.0 MiB)
[    5.137429] sd 2:0:0:0: [sda] Assuming drive cache: write through
[    5.141602] sd 2:0:1:0: [sdb] Write Protect is off
[    5.148209] sd 2:0:1:0: [sdb] Incomplete mode parameter data
[    5.151491] sd 2:0:1:0: [sdb] Assuming drive cache: write through
[    5.157457]  sda: sda1
[    5.160440] sd 2:0:1:0: [sdb] Attached SCSI disk
[    5.164842] sd 2:0:0:0: [sda] Attached SCSI disk
Begin: Loading essential drivers ... [    8.524459] raid6: sse2x1   gen()  7777 MB/s
[    8.572232] raid6: sse2x1   xor()  8344 MB/s
[    8.620099] raid6: sse2x2   gen() 17018 MB/s
[    8.668179] raid6: sse2x2   xor() 10988 MB/s
[    8.716060] raid6: sse2x4   gen() 16985 MB/s
[    8.764850] raid6: sse2x4   xor()  9288 MB/s
[    8.767971] raid6: using algorithm sse2x2 gen() 17018 MB/s
[    8.771885] raid6: .... xor() 10988 MB/s, rmw enabled
[    8.775450] raid6: using ssse3x2 recovery algorithm
[    8.782656] xor: measuring software checksum speed
[    8.824518]    prefetch64-sse: 16076.000 MB/sec
[    8.864575]    generic_sse: 18451.000 MB/sec
[    8.867746] xor: using function: generic_sse (18451.000 MB/sec)
[    8.874594] async_tx: api initialized (async)
done.
Begin: Running /scripts/init-premount ... done.
Begin: Mounting root file system ... Begin: Running /scripts/local-top ... done.
Begin: Running /scripts/local-premount ... [    9.236831] Btrfs loaded, crc32c=crc32c-intel
Scanning for Btrfs filesystems
done.
Warning: fsck not present, so skipping root file system
[    9.493258] EXT4-fs (sda1): mounted filesystem with ordered data mode. Opts: (null)
done.
Begin: Running /scripts/local-bottom ... done.
Begin: Running /scripts/init-bottom ... done.
[   10.211192] ip_tables: (C) 2000-2006 Netfilter Core Team
[   10.249504] systemd[1]: systemd 237 running in system mode. (+PAM +AUDIT +SELINUX +IMA +APPARMOR +SMACK +SYSVINIT +UTMP +LIBCRYPTSETUP +GCRYPT +GNUTLS +ACL +XZ +LZ4 +SECCOMP +BLKID +ELFUTILS +KMOD -IDN2 +IDN -PCRE2 default-hierarchy=hybrid)
[   10.264503] systemd[1]: Detected virtualization oracle.
[   10.268544] systemd[1]: Detected architecture x86-64.

Welcome to [1mUbuntu 18.04.6 LTS[0m!

[   10.335833] systemd[1]: Set hostname to <ubuntu>.
[   10.345082] systemd[1]: Initializing machine ID from random generator.
[   10.350303] systemd[1]: Installed transient /etc/machine-id file.
[   11.246550] systemd[1]: Set up automount Arbitrary Executable File Formats File System Automount Point.
[[0;32m  OK  [0m] Set up automount Arbitrary Executabâ€¦rmats File System Automount Point.
[   11.280036] systemd[1]: Created slice System Slice.
[[0;32m  OK  [0m] Created slice System Slice.
[   11.286401] systemd[1]: Listening on fsck to fsckd communication Socket.
[[0;32m  OK  [0m] Listening on fsck to fsckd communication Socket.
[   11.294481] systemd[1]: Listening on Journal Socket.
[[0;32m  OK  [0m] Listening on Journal Socket.
         Starting File System Check on Root Device...
[[0;32m  OK  [0m] Listening on LVM2 poll daemon socket.
[[0;32m  OK  [0m] Listening on Network Service Netlink Socket.
[[0;32m  OK  [0m] Reached target System Time Synchronized.
[[0;32m  OK  [0m] Listening on Device-mapper event daemon FIFOs.
         Mounting POSIX Message Queue File System...
[[0;32m  OK  [0m] Started Forward Password Requests to Wall Directory Watch.
         Mounting Kernel Debug File System...
[[0;32m  OK  [0m] Listening on LVM2 metadata daemon socket.
         Starting Monitoring of LVM2 mirrorsâ€¦ng dmeventd or progress polling...
[[0;32m  OK  [0m] Listening on Journal Audit Socket.
[[0;32m  OK  [0m] Listening on /dev/initctl Compatibility Named Pipe.
[[0;32m  OK  [0m] Reached target User and Group Name Lookups.
[[0;32m  OK  [0m] Created slice User and Session Slice.
[[0;32m  OK  [0m] Reached target Slices.
         Starting Set the console keyboard layout...
[[0;32m  OK  [0m] Created slice system-serial\x2dgetty.slice.
[[0;32m  OK  [0m] Reached target Swap.
[[0;32m  OK  [0m] Listening on Syslog Socket.
[[0;32m  OK  [0m] Listening on udev Control Socket.
[[0;32m  OK  [0m] Listening on Journal Socket (/dev/log).
         Starting Journal Service...
         Starting Create list of required stâ€¦ce nodes for the current kernel...
[   11.615107] random: crng init done
[   11.618289] random: 7 urandom warning(s) missed due to ratelimiting
         Starting Load Kernel Modules...
         Starting Uncomplicated firewall...
         Mounting Huge Pages File System...
[[0;32m  OK  [0m] Listening on udev Kernel Socket.
         Starting udev Coldplug all Devices...
[[0;32m  OK  [0m] Started File System Check on Root Device.
[[0;32m  OK  [0m] Mounted POSIX Message Queue File System.
[[0;32m  OK  [0m] Mounted Kernel Debug File System.
[[0;32m  OK  [0m] Started Create list of required staâ€¦vice nodes for the current kernel.
[[0;32m  OK  [0m] Started File System Check Daemon to report status.
         Starting Create Static Device Nodes in /dev...
         Starting Remount Root and Kernel File Systems...
[[0;32m  OK  [0m] Started Uncomplicated firewall.
[[0;32m  OK  [0m] Mounted Huge Pages File System.
[[0;32m  OK  [0m] Started LVM2 metadata daemon.
[   12.075255] Loading iSCSI transport class v2.0-870.
[[0;32m  OK  [0m] Started Create Static Device Nodes in /dev.
[[0;32m  OK  [0m] Started Journal Service.
[   12.226520] iscsi: registered transport (tcp)
[   12.237875] EXT4-fs (sda1): re-mounted. Opts: (null)
[[0;32m  OK  [0m] Started Monitoring of LVM2 mirrors,â€¦sing dmeventd or progress polling.
[[0;32m  OK  [0m] Started Remount Root and Kernel File Systems.
         Starting udev Kernel Device Manager...
         Starting Load/Save Random Seed...
         Starting Flush Journal to Persistent Storage...
[   12.500110] systemd-journald[376]: Received request to flush runtime journal from PID 1
[[0;32m  OK  [0m] Started udev Coldplug all Devices.
[[0;32m  OK  [0m] Started udev Kernel Device Manager.
[[0;32m  OK  [0m] Started Load/Save Random Seed.
[   12.615064] iscsi: registered transport (iser)
[[0;32m  OK  [0m] Started Load Kernel Modules.
         Mounting FUSE Control File System...
         Mounting Kernel Configuration File System...
         Starting Apply Kernel Variables...
[[0;32m  OK  [0m] Started Flush Journal to Persistent Storage.
[[0;32m  OK  [0m] Mounted FUSE Control File System.
[[0;32m  OK  [0m] Mounted Kernel Configuration File System.
[[0;32m  OK  [0m] Started Apply Kernel Variables.
[[0;32m  OK  [0m] Found device /dev/ttyS0.
[[0;32m  OK  [0m] Listening on Load/Save RF Kill Switch Status /dev/rfkill Watch.
[[0;32m  OK  [0m] Started Set the console keyboard layout.
[[0;32m  OK  [0m] Reached target Local File Systems (Pre).
[[0;32m  OK  [0m] Reached target Local File Systems.
         Starting Set console font and keymap...
         Starting ebtables ruleset management...
         Starting Tell Plymouth To Write Out Runtime Data...
         Starting Commit a transient machine-id on disk...
         Starting Create Volatile Files and Directories...
         Starting AppArmor initialization...
[[0;32m  OK  [0m] Started Dispatch Password Requests to Console Directory Watch.
[[0;32m  OK  [0m] Reached target Local Encrypted Volumes.
[[0;32m  OK  [0m] Started Set console font and keymap.
[[0;32m  OK  [0m] Started Tell Plymouth To Write Out Runtime Data.
[[0;32m  OK  [0m] Started Create Volatile Files and Directories.
[[0;32m  OK  [0m] Started Commit a transient machine-id on disk.
         Starting Update UTMP about System Boot/Shutdown...
[[0;32m  OK  [0m] Started Update UTMP about System Boot/Shutdown.
[[0;32m  OK  [0m] Started ebtables ruleset management.
[[0;32m  OK  [0m] Started AppArmor initialization.
         Starting Load AppArmor profiles managed internally by snapd...
         Starting Initial cloud-init job (pre-networking)...
[[0;32m  OK  [0m] Started Load AppArmor profiles managed internally by snapd.
[   21.203244] cloud-init[561]: Cloud-init v. 21.4-0ubuntu1~18.04.1 running 'init-local' at Fri, 11 Feb 2022 05:18:17 +0000. Up 19.72 seconds.
[[0;32m  OK  [0m] Started Initial cloud-init job (pre-networking).
[[0;32m  OK  [0m] Reached target Network (Pre).
         Starting Network Service...
[[0;32m  OK  [0m] Started Network Service.
         Starting Network Name Resolution...
         Starting Wait for Network to be Configured...
[[0;32m  OK  [0m] Started Network Name Resolution.
[[0;32m  OK  [0m] Reached target Host and Network Name Lookups.
[[0;32m  OK  [0m] Reached target Network.
[[0;32m  OK  [0m] Started Wait for Network to be Configured.
         Starting Initial cloud-init job (metadata service crawler)...
[   25.763530] cloud-init[631]: Cloud-init v. 21.4-0ubuntu1~18.04.1 running 'init' at Fri, 11 Feb 2022 05:18:23 +0000. Up 25.15 seconds.
[   25.781798] cloud-init[631]: ci-info: ++++++++++++++++++++++++++++++++++++++Net device info++++++++++++++++++++++++++++++++++++++
[   25.792748] cloud-init[631]: ci-info: +--------+------+----------------------------+---------------+--------+-------------------+
[   25.801182] cloud-init[631]: ci-info: | Device |  Up  |          Address           |      Mask     | Scope  |     Hw-Address    |
[   25.806237] cloud-init[631]: ci-info: +--------+------+----------------------------+---------------+--------+-------------------+
[   25.813356] cloud-init[631]: ci-info: | enp0s3 | True |         10.0.2.15          | 255.255.255.0 | global | 02:e8:64:37:14:18 |
[   25.824559] cloud-init[631]: ci-info: | enp0s3 | True | fe80::e8:64ff:fe37:1418/64 |       .       |  link  | 02:e8:64:37:14:18 |
[   25.831128] cloud-init[631]: ci-info: |   lo   | True |         127.0.0.1          |   255.0.0.0   |  host  |         .         |
[   25.845233] cloud-init[631]: ci-info: |   lo   | True |          ::1/128           |       .       |  host  |         .         |
[   25.850511] cloud-init[631]: ci-info: +--------+------+----------------------------+---------------+--------+-------------------+
[   25.854930] cloud-init[631]: ci-info: ++++++++++++++++++++++++++++Route IPv4 info+++++++++++++++++++++++++++++
[   25.859750] cloud-init[631]: ci-info: +-------+-------------+----------+-----------------+-----------+-------+
[   25.864193] cloud-init[631]: ci-info: | Route | Destination | Gateway  |     Genmask     | Interface | Flags |
[   25.868851] cloud-init[631]: ci-info: +-------+-------------+----------+-----------------+-----------+-------+
[   25.873223] cloud-init[631]: ci-info: |   0   |   0.0.0.0   | 10.0.2.2 |     0.0.0.0     |   enp0s3  |   UG  |
[   25.877583] cloud-init[631]: ci-info: |   1   |   10.0.2.0  | 0.0.0.0  |  255.255.255.0  |   enp0s3  |   U   |
[   25.881963] cloud-init[631]: ci-info: |   2   |   10.0.2.2  | 0.0.0.0  | 255.255.255.255 |   enp0s3  |   UH  |
[   25.886708] cloud-init[631]: ci-info: +-------+-------------+----------+-----------------+-----------+-------+
[   25.896812] cloud-init[631]: ci-info: +++++++++++++++++++Route IPv6 info+++++++++++++++++++
[   25.900869] cloud-init[631]: ci-info: +-------+-------------+---------+-----------+-------+
[   25.906127] cloud-init[631]: ci-info: | Route | Destination | Gateway | Interface | Flags |
[   25.909109] cloud-init[631]: ci-info: +-------+-------------+---------+-----------+-------+
[   25.911984] cloud-init[631]: ci-info: |   1   |  fe80::/64  |    ::   |   enp0s3  |   U   |
[   25.914599] cloud-init[631]: ci-info: |   3   |    local    |    ::   |   enp0s3  |   U   |
[   25.917428] cloud-init[631]: ci-info: |   4   |   ff00::/8  |    ::   |   enp0s3  |   U   |
[   25.919857] cloud-init[631]: ci-info: +-------+-------------+---------+-----------+-------+
[   28.532237] cloud-init[631]: Generating public/private rsa key pair.
[   28.538411] cloud-init[631]: Your identification has been saved in /etc/ssh/ssh_host_rsa_key.
[   28.542804] cloud-init[631]: Your public key has been saved in /etc/ssh/ssh_host_rsa_key.pub.
[   28.557076] cloud-init[631]: The key fingerprint is:
[   28.561547] cloud-init[631]: SHA256:bCEnl1RZD94SRP1QkCprf+D9e5g+xzTtjOLK2CQcmdM root@ubuntu-bionic
[   28.565895] cloud-init[631]: The key's randomart image is:
[   28.568125] cloud-init[631]: +---[RSA 2048]----+
[   28.570537] cloud-init[631]: |        ...=*..+.|
[   28.573241] cloud-init[631]: |       . ... =+  |
[   28.575087] cloud-init[631]: |      o =   o.oo |
[   28.577947] cloud-init[631]: |       * =. ..  .|
[   28.580941] cloud-init[631]: |        S Eo    .|
[   28.583911] cloud-init[631]: |       o oo .  .o|
[   28.587421] cloud-init[631]: |        o..o o O.|
[   28.590950] cloud-init[631]: |         *  + B *|
[   28.594129] cloud-init[631]: |        . +o.+.=+|
[   28.596791] cloud-init[631]: +----[SHA256]-----+
[   28.599241] cloud-init[631]: Generating public/private dsa key pair.
[   28.602178] cloud-init[631]: Your identification has been saved in /etc/ssh/ssh_host_dsa_key.
[   28.605342] cloud-init[631]: Your public key has been saved in /etc/ssh/ssh_host_dsa_key.pub.
[   28.607810] cloud-init[631]: The key fingerprint is:
[   28.609899] cloud-init[631]: SHA256:TR3seXqkdIXmclMUTXL163uMX9Fv+P+NH0P+PeHoenQ root@ubuntu-bionic
[   28.613400] cloud-init[631]: The key's randomart image is:
[   28.615474] cloud-init[631]: +---[DSA 1024]----+
[   28.617886] cloud-init[631]: |           .. .=O|
[   28.632244] cloud-init[631]: |           ...oo=|
[   28.636142] cloud-init[631]: |          ...+ o.|
[   28.640398] cloud-init[631]: |         o  = B o|
[   28.644219] cloud-init[631]: |        S .. O =.|
[   28.647008] cloud-init[631]: |            o.=Eo|
[   28.660781] cloud-init[631]: |            ..=B=|
[   28.663539] cloud-init[631]: |             o.*@|
[   28.666449] cloud-init[631]: |           .+..+#|
[   28.671326] cloud-init[631]: +----[SHA256]-----+
[   28.674123] cloud-init[631]: Generating public/private ecdsa key pair.
[   28.677272] cloud-init[631]: Your identification has been saved in /etc/ssh/ssh_host_ecdsa_key.
[   28.681323] cloud-init[631]: Your public key has been saved in /etc/ssh/ssh_host_ecdsa_key.pub.
[   28.685734] cloud-init[631]: The key fingerprint is:
[   28.688566] cloud-init[631]: SHA256:Kd9B6WEdq63pTqEhU9xtuC1uEUg5rfSlmIJQhh/X7cg root@ubuntu-bionic
[   28.693471] cloud-init[631]: The key's randomart image is:
[   28.696393] cloud-init[631]: +---[ECDSA 256]---+
[   28.699200] cloud-init[631]: |   oo  ..+  .    |
[   28.702959] cloud-init[631]: |  o.. .o=oo=.o   |
[   28.705209] cloud-init[631]: |   o + o+OOo=    |
[   28.707642] cloud-init[631]: |    o ..E=+O     |
[   28.709709] cloud-init[631]: |      +.S O o    |
[   28.711946] cloud-init[631]: |       = = B     |
[   28.728656] cloud-init[631]: |        o B      |
[   28.731214] cloud-init[631]: |         +       |
[   28.735291] cloud-init[631]: |         .o      |
[   28.740440] cloud-init[631]: +----[SHA256]-----+
[   28.744810] cloud-init[631]: Generating public/private ed25519 key pair.
[   28.749696] cloud-init[631]: Your identification has been saved in /etc/ssh/ssh_host_ed25519_key.
[   28.755080] cloud-init[631]: Your public key has been saved in /etc/ssh/ssh_host_ed25519_key.pub.
[   28.758713] cloud-init[631]: The key fingerprint is:
[   28.772878] cloud-init[631]: SHA256:hmtBFd61xR+/SajR+7+l7nk43v1auvEksF09zmEirbc root@ubuntu-bionic
[   28.776713] cloud-init[631]: The key's randomart image is:
[   28.779393] cloud-init[631]: +--[ED25519 256]--+
[   28.782106] cloud-init[631]: |        o.  ...  |
[   28.784967] cloud-init[631]: |       o . . o.. |
[   28.789144] cloud-init[631]: |      . . . o ..o|
[   28.792674] cloud-init[631]: |     . .   ..o .+|
[   28.796325] cloud-init[631]: |      o S  .+oo+=|
[   28.799166] cloud-init[631]: |       +   .o==+o|
[   28.802389] cloud-init[631]: |      o    ...=++|
[   28.805208] cloud-init[631]: |     .      . +%+|
[   28.808350] cloud-init[631]: |             EX*X|
[   28.811457] cloud-init[631]: +----[SHA256]-----+
[[0;32m  OK  [0m] Started Initial cloud-init job (metadata service crawler).
[[0;32m  OK  [0m] Reached target Cloud-config availability.
[[0;32m  OK  [0m] Reached target System Initialization.
[[0;32m  OK  [0m] Started Ubuntu Advantage Timer for running repeated jobs.
[[0;32m  OK  [0m] Started Message of the Day.
[[0;32m  OK  [0m] Listening on cloud-init hotplug hook socket.
[[0;32m  OK  [0m] Started Discard unused blocks once a week.
[[0;32m  OK  [0m] Listening on UUID daemon activation socket.
[[0;32m  OK  [0m] Listening on D-Bus System Message Bus Socket.
[[0;32m  OK  [0m] Started Daily apt download activities.
[[0;32m  OK  [0m] Started ACPI Events Check.
[[0;32m  OK  [0m] Started Trigger to poll for Ubuntu â€¦(Only enabled on GCP LTS non-pro).
[[0;32m  OK  [0m] Reached target Paths.
[[0;32m  OK  [0m] Started Daily Cleanup of Temporary Directories.
         Starting Socket activation for snappy daemon.
[[0;32m  OK  [0m] Listening on Open-iSCSI iscsid Socket.
         Starting LXD - unix socket.
[[0;32m  OK  [0m] Listening on ACPID Listen Socket.
[[0;32m  OK  [0m] Started Daily apt upgrade and clean activities.
[[0;32m  OK  [0m] Reached target Timers.
[[0;32m  OK  [0m] Reached target Network is Online.
         Starting Availability of block devices...
[[0;32m  OK  [0m] Reached target Remote File Systems (Pre).
[[0;32m  OK  [0m] Reached target Remote File Systems.
[[0;32m  OK  [0m] Listening on Socket activation for snappy daemon.
[[0;32m  OK  [0m] Listening on LXD - unix socket.
[[0;32m  OK  [0m] Reached target Sockets.
[[0;32m  OK  [0m] Reached target Basic System.
[[0;32m  OK  [0m] Started D-Bus System Message Bus.
         Starting System Logging Service...
[[0;32m  OK  [0m] Started FUSE filesystem for LXC.
         Starting Virtualbox guest utils...
         Starting LSB: automatic crash report generation...
         Starting Pollinate to seed the pseudo random number generator...
         Starting LSB: Record successful boot for GRUB...
         Starting LXD - container startup/shutdown...
         Starting Dispatcher daemon for systemd-networkd...
[[0;32m  OK  [0m] Started Regular background program processing daemon.
         Starting Login Service...
[[0;32m  OK  [0m] Started Deferred execution scheduler.
         Starting Accounts Service...
         Starting Permit User Sessions...
[[0;32m  OK  [0m] Started irqbalance daemon.
         Starting Snap Daemon...
[[0;32m  OK  [0m] Started Availability of block devices.
[[0;32m  OK  [0m] Started System Logging Service.
[[0;32m  OK  [0m] Started Permit User Sessions.
         Starting Terminate Plymouth Boot Screen...
         Starting Hold until boot process finishes up...
[[0;32m  OK  [0m] Started Hold until boot process finishes up.
[[0;32m  OK  [0m] Started Terminate Plymouth Boot Screen.
[[0;32m  OK  [0m] Started Serial Getty on ttyS0.
         Starting Set console scheme...
[[0;32m  OK  [0m] Started Set console scheme.
[[0;32m  OK  [0m] Created slice system-getty.slice.
[[0;32m  OK  [0m] Started Getty on tty1.
[[0;32m  OK  [0m] Reached target Login Prompts.
[[0;32m  OK  [0m] Started Login Service.
[[0;32m  OK  [0m] Started Unattended Upgrades Shutdown.
         Starting Authorization Manager...
[[0;32m  OK  [0m] Started LSB: automatic crash report generation.
[[0;32m  OK  [0m] Started Authorization Manager.
[[0;32m  OK  [0m] Started Accounts Service.
[[0;32m  OK  [0m] Started LSB: Record successful boot for GRUB.
[[0;32m  OK  [0m] Started LXD - container startup/shutdown.
[[0;32m  OK  [0m] Started Virtualbox guest utils.
[[0;32m  OK  [0m] Started Dispatcher daemon for systemd-networkd.
[[0;32m  OK  [0m] Started Snap Daemon.
         Starting Wait until snapd is fully seeded...
[[0;32m  OK  [0m] Started Pollinate to seed the pseudo random number generator.
         Starting OpenBSD Secure Shell server...
[[0;32m  OK  [0m] Started OpenBSD Secure Shell server.
[[0;32m  OK  [0m] Created slice User Slice of vagrant.
         Starting User Manager for UID 1000...

Ubuntu 18.04.6 LTS ubuntu-bionic ttyS0

ubuntu-bionic login: [   42.245723] cloud-init[993]: Cloud-init v. 21.4-0ubuntu1~18.04.1 running 'modules:config' at Fri, 11 Feb 2022 05:18:37 +0000. Up 39.18 seconds.
ci-info: no authorized SSH keys fingerprints found for user ubuntu.
<14>Feb 11 05:18:43 cloud-init: #############################################################
<14>Feb 11 05:18:43 cloud-init: -----BEGIN SSH HOST KEY FINGERPRINTS-----
<14>Feb 11 05:18:43 cloud-init: 1024 SHA256:TR3seXqkdIXmclMUTXL163uMX9Fv+P+NH0P+PeHoenQ root@ubuntu-bionic (DSA)
<14>Feb 11 05:18:43 cloud-init: 256 SHA256:Kd9B6WEdq63pTqEhU9xtuC1uEUg5rfSlmIJQhh/X7cg root@ubuntu-bionic (ECDSA)
<14>Feb 11 05:18:43 cloud-init: 256 SHA256:hmtBFd61xR+/SajR+7+l7nk43v1auvEksF09zmEirbc root@ubuntu-bionic (ED25519)
<14>Feb 11 05:18:44 cloud-init: 2048 SHA256:bCEnl1RZD94SRP1QkCprf+D9e5g+xzTtjOLK2CQcmdM root@ubuntu-bionic (RSA)
<14>Feb 11 05:18:44 cloud-init: -----END SSH HOST KEY FINGERPRINTS-----
<14>Feb 11 05:18:44 cloud-init: #############################################################
-----BEGIN SSH HOST KEY KEYS-----
ecdsa-sha2-nistp256 AAAAE2VjZHNhLXNoYTItbmlzdHAyNTYAAAAIbmlzdHAyNTYAAABBBIf9VYEGX7ma75Fs+XrBlPNcdY2pXx8x8AWdbN4cpbxTvfyepaIoDgzFk6MDQrD3beP1atVGDRIOKTLFiwYPWHE= root@ubuntu-bionic
ssh-ed25519 AAAAC3NzaC1lZDI1NTE5AAAAINw3oHWlq/Wy7wOugUA7HpIU5UK6DkdtQGLvl9WhTc2g root@ubuntu-bionic
ssh-rsa AAAAB3NzaC1yc2EAAAADAQABAAABAQDWbt+V06litldtyQCPYJO2uWCiGV9tB3FP832ngbWkAkele/SrOE0M6Q98d8+pVlzvqZ11zqTLEugFPvpxY5+eb5JmRMLFgK4oeVsXgRbi3ci1tlX/mCdTUCW9uzzNlo8PP6KhW2TNk1+YpbEZwd+f4SFBFG0j8/SQ6FOktN8m4R9kBSTb4xTumHy+/iAag/nQJ6IFxYZVlgw4nzvfxEja7xejJqXwrUzU8cTDytZ4X4nDTzI1oF0q0iQhDydPShRf2USehqWGgTDrI4a4NwLy0ibzYWlLLa8BdWXaxwvkyAEDK85pJSyeEhNSgd6O4GIii0bJzjUG/jCI30xFd9bL root@ubuntu-bionic
-----END SSH HOST KEY KEYS-----
[   46.009481] cloud-init[1127]: Cloud-init v. 21.4-0ubuntu1~18.04.1 running 'modules:final' at Fri, 11 Feb 2022 05:18:42 +0000. Up 44.70 seconds.
[   46.009798] cloud-init[1127]: ci-info: no authorized SSH keys fingerprints found for user ubuntu.
[   46.010212] cloud-init[1127]: Cloud-init v. 21.4-0ubuntu1~18.04.1 finished at Fri, 11 Feb 2022 05:18:44 +0000. Datasource DataSourceNoCloud [seed=/dev/sdb][dsmode=net].  Up 45.96 seconds
